[36mvite v5.4.21 [32mbuilding for production...[36m[39m
transforming...
node.exe : 
[33m[vite:css] 
@import must precede 
all other statements 
(besides @charset or 
empty @layer)
At line:1 char:1
+ & "C:\Program Files
\nodejs/node.exe" 
"C:\Program 
Files\nodejs/node_mo 
...
+ ~~~~~~~~~~~~~~~~~~~
~~~~~~~~~~~~~~~~~~~~~
~~~~~~~~~~~~~~~~~~~~~
~~~~~~~~
    + CategoryInfo   
           : NotSpe  
  cified: ([33m[v   
 ite:css]...r emp    
ty @layer):Strin    
g) [], RemoteExc    
eption
    + FullyQualified 
   ErrorId : Native  
  CommandError
 
1791|  
1792|  /* Ensure 
Great Vibes is 
loaded - though user 
might want a 
specific 'princess' 
look */
1793|  @import url('h
ttps://fonts.googleap
is.com/css2?family=Gr
eat+Vibes&display=swa
p');
   |  ^^^^^^^^^^^^^^^
^^^^^^^^^^^^^^^^^^^^^
^^^^^^^^^^^^^^^^^^^^^
^^^^^^^^^^^^^^^^^^^^^
^^^
1794|  [39m
[32mΓ£ô[39m 30 modules transformed.
[31mx[39m Build 
failed in 299ms
[31merror during 
build:
[31mCould not 
resolve "./card.glb" 
from "src/Lanyard.tsx
"[31m
file: [36mD:/project
s/ridhi bday/src/Lany
ard.tsx[31m
    at 
getRollupError (file:
///D:/projects/ridhi%
20bday/node_modules/r
ollup/dist/es/shared/
parseAst.js:402:41)
    at error (file://
/D:/projects/ridhi%20
bday/node_modules/rol
lup/dist/es/shared/pa
rseAst.js:398:42)
    at ModuleLoader.h
andleInvalidResolvedI
d (file:///D:/project
s/ridhi%20bday/node_m
odules/rollup/dist/es
/shared/node-entry.js
:21710:24)
    at file:///D:/pro
jects/ridhi%20bday/no
de_modules/rollup/dis
t/es/shared/node-entr
y.js:21670:26[39m
